// Jest Snapshot v1, https://goo.gl/fbAQLP

exports[`snapshot testing snapshot for App component 1`] = `
<div
  className="App"
>
  <div
    className="sc-bdnxRM fUvlCg"
  >
    Clicks: 
    0
    <span>
      <button
        className="sc-gtsrHT cXjXDF"
        onClick={[Function]}
      >
        Increment
      </button>
      <button
        className="sc-gtsrHT cXjXDF"
        onClick={[Function]}
      >
        Decrement
      </button>
    </span>
  </div>
</div>
`;
